[www.loc.gov/index.html]
[backblue.gif]
[fade.gif]
[index.html]
[www.loc.gov/text-us-government-work/index.html]
[www.loc.gov/static/images/favicons/open-graph-logoc58a.png]
[assets.adobedtm.com/dac62e20b491e735c6b56e64c39134d8ee93f9cf/satelliteLib-6b47f831c184878d7338d4683ecf773a17973bb9.js]
[www.loc.gov/static/stylesheets/basec58a.css]
[www.loc.gov/static/js/lib/jquery-1.8.2.js]
[www.loc.gov/search/opensearch.xml]
[www.loc.gov/static/images/logo-loc-new-brandinge7db.svg]
[www.loc.gov/static/images/logo-loc-new-branding.svg]
[www.loc.gov/static/home/images/featured/exhibits/rose-parks-chair-terek2.jpg]
[www.loc.gov/static/home/images/featured/evergreen/carousel-openhouse.jpg]
[www.loc.gov/static/home/images/featured/evergreen/carousel-nbfpresents19.jpg]
[www.loc.gov/discover/index.html]
[www.loc.gov/static/home/images/featured/exhibits/suffrage-preview.jpg]
[www.loc.gov/services-and-programs/index.html]
[www.loc.gov/visit/index.html]
[www.loc.gov/static/home/images/trending/featured/mlk_csk_480.jpg]
[www.loc.gov/education/index.html]
[www.loc.gov/static/home/images/trending/featured/mlk_csk_750.jpg]
[www.loc.gov/static/home/images/trending/exhibits/exhibitions-evergreen-suffrage-48079406641_69c1146579_k.jpg]
[www.loc.gov/connect/index.html]
[www.loc.gov/static/home/images/trending/collections/jason_reynolds_ambassador_trending.jpg]
[www.loc.gov/about/index.html]
[www.loc.gov/rr/askalib/index.html]
[www.loc.gov/help/index.html]
[www.loc.gov/static/home/images/trending/evergreen/tj-lights-48079402371.jpg]
[www.loc.gov/contact/index.html]
[www.loc.gov/exhibitions/rosa-parks-in-her-own-words/about-this-exhibition/index.html]
[www.loc.gov/static/home/images/featured/evergreen/eg-groundhog.jpg]
[www.loc.gov/item/prn-20-004/index.html]
[www.loc.gov/item/event-398530/index.html]
[www.loc.gov/collections/index.html]
[www.loc.gov/rr/index.html]
[www.loc.gov/collections/frederick-douglass-newspapers/about-this-collection.html]
[www.loc.gov/exhibitions/women-fight-for-the-vote/about-this-exhibition/index.html]
[www.loc.gov/teachers/index.html]
[www.loc.gov/search/index2b6b.html]
[www.loc.gov/static/home/images/trending/collections/douglass_home.jpg]
[www.loc.gov/search/indexc566.html]
[www.loc.gov/search/index5aa2.html]
[www.loc.gov/search/indexa65d.html]
[www.loc.gov/static/home/images/trending/evergreen/eg-concerts-03.jpg]
[www.loc.gov/search/indexe48f.html]
[www.loc.gov/search/index8c58.html]
[www.loc.gov/static/home/images/your-library/01-PlanYourVisit.jpg]
[www.loc.gov/exhibits/index.html]
[www.loc.gov/static/home/images/your-library/02-ResearchCenter.jpg]
[www.loc.gov/resource/cph.3c16775/index.html]
[www.loc.gov/item/prn-20-002/index.html]
[www.loc.gov/news/index.html]
[www.loc.gov/static/home/images/your-library/03-AskLibrarian.jpg]
[www.loc.gov/static/portals/free-to-use/public-domain/discovery-and-exploration/1.jpg]
[www.loc.gov/static/portals/free-to-use/public-domain/discovery-and-exploration/2.jpg]
[www.loc.gov/events/index.html]
[www.loc.gov/everyday-mysteries/meteorology-climatology/item/groundhog-shadow/index.html]
[www.loc.gov/static/portals/free-to-use/public-domain/discovery-and-exploration/3.jpg]
[www.loc.gov/resource/g3200.ct000725C/index.html]
[www.loc.gov/static/portals/free-to-use/public-domain/discovery-and-exploration/4.jpg]
[www.loc.gov/resource/g3701s.ct003028/index.html]
[www.loc.gov/free-to-use/index.html]
[www.loc.gov/static/portals/free-to-use/public-domain/discovery-and-exploration/5.jpg]
[www.loc.gov/resource/g3790.ct002126/index.html]
[www.loc.gov/resource/g3715.ct000001/index.html]
[www.loc.gov/static/portals/free-to-use/public-domain/discovery-and-exploration/6.jpg]
[www.loc.gov/static/portals/free-to-use/public-domain/discovery-and-exploration/7.jpg]
[www.loc.gov/resource/g3880.ct000903/index.html]
[www.loc.gov/resource/g3300.ct000584/index.html]
[www.loc.gov/static/portals/free-to-use/public-domain/discovery-and-exploration/8.jpg]
[www.loc.gov/resource/g3860.ct000706/index.html]
[www.loc.gov/static/portals/free-to-use/public-domain/discovery-and-exploration/9.jpg]
[www.loc.gov/resource/g3290.ct000342/index.html]
[www.loc.gov/static/portals/free-to-use/public-domain/discovery-and-exploration/10.jpg]
[www.loc.gov/resource/g3804n.ct000050/index.html]
[www.loc.gov/static/portals/free-to-use/public-domain/discovery-and-exploration/11.jpg]
[www.loc.gov/resource/g4930.ct000952/index.html]
[www.loc.gov/resource/g3291s.mf000074/index.html]
[www.loc.gov/resource/g3200.ct009344/index.html]
[www.loc.gov/static/portals/free-to-use/public-domain/discovery-and-exploration/12.jpg]
[www.loc.gov/static/images/congress-gov0e7a.svg]
[www.loc.gov/static/images/copyright-gov0e7a.svg]
[www.loc.gov/index.html]
[www.loc.gov/resource/g3200.ct009324/index.html]
[www.loc.gov/static/javascript/sharec58a.js]
[www.loc.gov/static/javascript/basec58a.js]
[www.loc.gov/resource/g3200.ct009327/index.html]
[www.loc.gov/text-us-government-work/css/styles.css]
[www.loc.gov/resource/g3200.ct009331/index.html]
[www.loc.gov/resource/g3200.awh00011/index.html]
[www.loc.gov/css/loc_print_v2.css]
[www.loc.gov/resource/g3200.ct009336/index.html]
[www.loc.gov/resource/g3201e.ct004005/index.html]
[www.loc.gov/resource/g3200.ct009328/index.html]
[cdn.loc.gov/js/lib/modernizr-1.5.min.js]
[www.loc.gov/resource/g3200.ct009343/index.html]
[www.loc.gov/resource/g5672m.ct002457/index.html]
[www.loc.gov/resource/g4126s.ct000071/index.html]
[cdn.loc.gov/images/img-head/logo-loc.png]
[www.loc.gov/accessibility/index.html]
[www.loc.gov/resource/g5672m.ct003910/index.html]
[www.loc.gov/resource/g7800.ct001372r/index.html]
[www.loc.gov/legal/index.html]
[www.loc.gov/about/office-of-the-inspector-general/index.html]
[cdn.loc.gov/suggest/library-of-congress.js]
[www.loc.gov/homepage/legal.2e.delayed]
[www.loc.gov/legal/standard-disclaimer-for-external-links/index.html]
[www.loc.gov/philanthropy/online-donation/fund/index.html]
[www.loc.gov/careers/index.html]
[www.loc.gov/homepage/legal.2f.delayed]
[www.loc.gov/homepage/connect.html]
[www.loc.gov/homepage/connect.html]
[cdn.loc.gov/images/img-foot/pinterest.gif]
[cdn.loc.gov/images/img-foot/facebook.gif]
[cdn.loc.gov/images/img-foot/twitter.gif]
[cdn.loc.gov/images/img-foot/youtube.gif]
[cdn.loc.gov/images/img-foot/flickr.gif]
[www.loc.gov/apps/index.html]
[www.loc.gov/podcasts/index.html]
[www.loc.gov/help/contact-general.html]
[www.loc.gov/collections/event-videos/index.html]
[www.loc.gov/help/contact-general.39.delayed]
[www.loc.gov/pressroom/login.html]
[www.loc.gov/careers.html]
[www.loc.gov/philanthropy/index.html]
[www.loc.gov/about/oig/index.html]
[www.loc.gov/global/disclaim.html]
[www.loc.gov/access/index.html]
[www.loc.gov/global/disclaim.html]
[www.loc.gov/access/web.html]
[www.loc.gov/access/web.html]
[www.loc.gov/text-us-government-work/index.html]
[www.loc.gov/accessibility/web-site-accessibility/index.html]
[www.loc.gov/static/images/jquery-ui/ui-bg_flat_100_ffffff_40x100.png]
[www.loc.gov/static/images/jquery-ui/ui-bg_flat_100_cccccc_40x100.png]
[www.loc.gov/static/images/jquery-ui/ui-bg_flat_100_eeeeee_40x100.png]
[www.loc.gov/static/images/jquery-ui/ui-bg_glass_55_fbf9ee_1x400.png]
[www.loc.gov/static/images/jquery-ui/ui-bg_glass_95_fef1ec_1x400.png]
[www.loc.gov/static/images/jquery-ui/ui-icons_333333_256x240.png]
[www.loc.gov/static/images/jquery-ui/ui-icons_888888_256x240.png]
[www.loc.gov/static/images/jquery-ui/ui-icons_2e83ff_256x240.png]
[www.loc.gov/static/images/jquery-ui/ui-icons_cd0a0a_256x240.png]
[www.loc.gov/static/images/jquery-ui/ui-bg_flat_0_aaaaaa_40x100.png]
[www.loc.gov/static/images/royal-slider/grab.png]
[www.loc.gov/static/images/royal-slider/grabbing.png]
[www.loc.gov/static/images/royal-slider/blank.gif]
[www.loc.gov/static/images/royal-slider/rs-default.png]
[www.loc.gov/static/images/royal-slider/preloader-white.gif]
[www.loc.gov/static/images/royal-slider/rs-minimal-white.png]
[www.loc.gov/static/js/lib/mediaelement-4.2.8/mejs-controls.svg]
[www.loc.gov/static/fonts/OpenSans-Regular.woff2]
[www.loc.gov/static/fonts/OpenSans-Regular.woff]
[www.loc.gov/static/fonts/OpenSans-Italic.woff2]
[www.loc.gov/static/fonts/OpenSans-Italic.woff]
[www.loc.gov/static/fonts/OpenSans-Bold.woff2]
[www.loc.gov/static/fonts/OpenSans-Bold.woff]
[www.loc.gov/static/fonts/OpenSans-BoldItalic.woff2]
[www.loc.gov/static/fonts/OpenSans-BoldItalic.woff]
[www.loc.gov/static/fonts/RobotoSlab-Regular.woff2]
[www.loc.gov/static/fonts/RobotoSlab-Regular.woff]
[www.loc.gov/static/fonts/RobotoSlab-Bold.woff2]
[www.loc.gov/static/images/icons-social-media0a8b.png]
[www.loc.gov/static/fonts/RobotoSlab-Bold.woff]
[www.loc.gov/static/images/share/print.gif]
[www.loc.gov/static/images/share/rss.gif]
[www.loc.gov/static/images/share/share.gif]
[www.loc.gov/static/images/share/feedback.png]
[www.loc.gov/static/images/share/share-tab-hover-left.gif]
[www.loc.gov/static/images/share/share-tab-hover-right.gif]
[www.loc.gov/static/images/share/btn-close.gif]
[www.loc.gov/static/images/share/email.gif]
[www.loc.gov/static/images/share/icon-link.gif]
[www.loc.gov/static/images/share/i_external.gif]
[www.loc.gov/static/images/share/loader.gif]
[www.loc.gov/static/images/share/btn-continue.png]
[www.loc.gov/static/images/share/btn-save.png]
[www.loc.gov/static/images/share/arrow-rt.gif]
[www.loc.gov/static/images/share/disclaimer.gif]
[misc.readspeaker.com/user/mattias/rs_logo.png]
[www.loc.gov/static/images/slick-left-arrow.svg]
[www.loc.gov/static/images/slick-right-arrow.svg]
[www.loc.gov/static/css/fa/fonts/fontawesome-webfont5b62.eot]
[www.loc.gov/static/css/fa/fonts/fontawesome-webfontd41d.eot]
[www.loc.gov/static/css/fa/fonts/fontawesome-webfont5b62.woff2]
[www.loc.gov/static/css/fa/fonts/fontawesome-webfont5b62.woff]
[www.loc.gov/static/stylesheets/basec58a.css]
[assets.adobedtm.com/dac62e20b491e735c6b56e64c39134d8ee93f9cf/satelliteLib-6b47f831c184878d7338d4683ecf773a17973bb9.js]
[www.loc.gov/static/images/logo-loc-new-brandinge7db.svg]
[www.loc.gov/static/images/logo-loc-new-branding.svg]
[www.loc.gov/static/css/fa/fonts/fontawesome-webfont5b62.ttf]
[www.loc.gov/static/css/fa/fonts/fontawesome-webfont5b62.svg]
[www.loc.gov/discover/indexe96e.html]
[www.loc.gov/static/portals/discover/images/catalogsc58a.jpg]
[www.loc.gov/audio/index.html]
[www.loc.gov/static/portals/formats/images/audio-recordingc58a.jpg]
[www.loc.gov/books/index.html]
[www.loc.gov/static/portals/formats/images/book-printed-materialc58a.jpg]
[www.loc.gov/film-and-videos/index.html]
[www.loc.gov/static/portals/formats/images/film-videoc58a.jpg]
[www.loc.gov/static/portals/formats/images/legislationc58a.jpg]
[www.loc.gov/manuscripts/index.html]
[www.loc.gov/static/portals/formats/images/manuscript-mixed-materialc58a.jpg]
[www.loc.gov/maps/index.html]
[www.loc.gov/static/portals/formats/images/mapc58a.jpg]
[www.loc.gov/notated-music/index.html]
[www.loc.gov/static/portals/formats/images/notated-musicc58a.jpg]
[www.loc.gov/static/portals/formats/images/newspaperc58a.jpg]
[www.loc.gov/search/index333a.html]
[www.loc.gov/static/portals/formats/images/periodicalc58a.jpg]
[www.loc.gov/search/index39b3.html]
[www.loc.gov/static/portals/formats/images/personal-narrativec58a.jpg]
[www.loc.gov/photos/index.html]
[www.loc.gov/static/portals/formats/images/photo-print-drawingc58a.jpg]
[www.loc.gov/search/index2dfe.html]
[www.loc.gov/static/portals/formats/images/software-e-resourcec58a.jpg]
[www.loc.gov/websites/index.html]
[www.loc.gov/static/portals/formats/images/archived-web-sitec58a.jpg]
[www.loc.gov/search/indexb41f.html]
[www.loc.gov/static/portals/formats/images/web-pagec58a.jpg]
[www.loc.gov/static/portals/formats/images/3d-objectc58a.jpg]
[www.loc.gov/search/index65d7.html]
[www.loc.gov/static/collections/832_170c58a.jpg]
[www.loc.gov/static/research-centers/254_172c58a.jpg]
[www.loc.gov/static/portals/discover/images/crowdsourcingc58a.jpg]
[www.loc.gov/bookfest/index.html]
[www.loc.gov/rr/genealogy/index.html]
[www.loc.gov/jukebox/index.html]
[www.loc.gov/collections/today-in-history/index.html]
[www.loc.gov/poetry/index.html]
[www.loc.gov/static/portals/discover/images/audio-podcastc58a.jpg]
[www.loc.gov/collections/national-screening-room/about-this-collection/index.html]
[www.loc.gov/static/portals/discover/images/video-webcastc58a.jpg]
[www.loc.gov/discover/index.html]
[www.loc.gov/services-and-programs/indexe96e.html]
[www.loc.gov/aba/index.html]
[www.loc.gov/rr/readerregistration.html]
[www.loc.gov/aba/pcc/index.html]
[www.loc.gov/rr/loan/index.html]
[www.loc.gov/law/index.html]
[www.loc.gov/duplicationservices/index.html]
[www.loc.gov/static/portals/services/832_170c58a.jpg]
[www.loc.gov/publish/index.html]
[www.loc.gov/preservation/index.html]
[www.loc.gov/aba/rda/index.html]
[www.loc.gov/folklife/index.html]
[www.loc.gov/concerts/index.html]
[www.loc.gov/static/programs/832_170c58a.jpg]
[www.loc.gov/flicc/index.html]
[www.loc.gov/services-and-programs/index.html]
[www.loc.gov/vets/index.html]
[www.loc.gov/static/portals/visit/images/home-jeff-tour.jpg]
[www.loc.gov/programs/digital-collections-management/index.html]
[www.loc.gov/visit/indexe96e.html]
[www.loc.gov/static/portals/visit/images/home-guided.jpg]
[www.loc.gov/visit/online-tours/index.html]
[www.loc.gov/visit/tours/guided-tours/thomas-jefferson-building/index.html]
[www.loc.gov/static/portals/visit/images/home-exhibitions.jpg]
[www.loc.gov/visit/tours/guided-tours/index.html]
[www.loc.gov/visit/tours/group-and-student-tours/index.html]
[www.loc.gov/static/portals/visit/images/home-events.jpg]
[www.loc.gov/exhibits/current/index.html]
[www.loc.gov/static/portals/visit/images/254_172.jpg]
[www.loc.gov/static/portals/visit/images/dine-thumb.jpg]
[www.loc.gov/static/portals/visit/images/home-shop.jpg]
[www.loc.gov/visit/dining/index.html]
[www.loc.gov/visit/hours-of-operation/index.html]
[www.loc.gov/visit/tours/self-guided-tours/index.html]
[www.loc.gov/static/portals/visit/documents/Visitors-Guide.pdf]
[www.loc.gov/static/portals/visit/documents/VS15-StudentGuide2.pdf]
[www.loc.gov/visit/index.html]
[www.loc.gov/visit/maps-and-floor-plans/index.html]
[www.loc.gov/visit/activities-for-kids-and-families/index.html]
[www.loc.gov/visit/volunteer/index.html]
[www.loc.gov/static/portals/education/images/read-dot-govc58a.jpg]
[www.loc.gov/accessibility/accessibility-for-visitors/index.html]
[www.loc.gov/visit/directions/index.html]
[www.loc.gov/visit/shopping/index.html]
[www.loc.gov/visit/frequently-asked-questions/index.html]
[www.loc.gov/visit/guidelines-and-tips/index.html]
[www.loc.gov/visit/wireless/index.html]
[www.loc.gov/visit/tours/index.html]
[www.loc.gov/visit/contact-visitor-services/index.html]
[www.loc.gov/poetry/180/index.html]
[www.loc.gov/education/indexe96e.html]
[www.loc.gov/static/portals/education/images/poetry-180c58a.jpg]
[www.loc.gov/static/portals/education/images/americas-libraryc58a.jpg]
[www.loc.gov/static/portals/education/images/science-and-everyday-mysteriesc58a.jpg]
[www.loc.gov/item/today-in-history/index.html]
[www.loc.gov/static/portals/education/images/today-in-historyc58a.jpg]
[www.loc.gov/static/portals/education/images/teaching-with-blogsc58a.jpg]
[www.loc.gov/static/portals/education/images/teacher-resourcesc58a.jpg]
[www.loc.gov/static/portals/education/images/lesson-plansc58a.jpg]
[www.loc.gov/teachers/classroommaterials/lessons/index.html]
[www.loc.gov/teachers/classroommaterials/primarysourcesets/index.html]
[www.loc.gov/static/portals/education/images/primary-source-setsc58a.jpg]
[www.loc.gov/teachers/professionaldevelopment/index.html]
[www.loc.gov/static/portals/education/images/professional-developmentc58a.jpg]
[www.loc.gov/education/index.html]
[www.loc.gov/connect/indexe96e.html]
[www.loc.gov/legal/comment-and-posting-policy/index.html]
[www.loc.gov/static/portals/connect/images/library-of-congress-blogsc58a.jpg]
[www.loc.gov/static/portals/connect/images/copyright-creativity-at-workc58a.jpg]
[www.loc.gov/static/portals/connect/images/folklife-today-blogsc58a.jpg]
[www.loc.gov/static/portals/connect/images/four-cornersc58a.jpg]
[www.loc.gov/static/portals/connect/images/from-the-catbird-seat-blogsc58a.jpg]
[www.loc.gov/static/portals/connect/images/serials-blogsc58a.jpg]
[www.loc.gov/static/portals/connect/images/in-custodia-legis-blogsc58a.jpg]
[www.loc.gov/static/portals/connect/images/in-the-muse-blogsc58a.jpg]
[www.loc.gov/static/portals/connect/images/inside-adams-blogsc58a.jpg]
[www.loc.gov/static/portals/connect/images/kluge-blog-thumbc58a.jpg]
[www.loc.gov/static/portals/connect/images/nbf-blog-thumbc58a.jpg]
[www.loc.gov/static/portals/connect/images/NLS-blogc58a.jpg]
[www.loc.gov/static/portals/connect/images/av-conservation-blogc58a.jpg]
[www.loc.gov/static/portals/connect/images/picture-this-blogsc58a.jpg]
[www.loc.gov/static/portals/connect/images/the-signal-blogsc58a.jpg]
[www.loc.gov/static/portals/connect/images/teaching-with-the-library-of-congress-blogsc58a.jpg]
[www.loc.gov/static/portals/connect/images/maps-blog-thumbc58a.jpg]
[www.loc.gov/static/portals/connect/images/american-memory-on-loc-dot-govc58a.jpg]
[www.loc.gov/film-and-videos/collections/index.html]
[www.loc.gov/collections/event-videos/about-this-collection/index.html]
[www.loc.gov/static/portals/connect/images/webcasts-on-loc-dot-govc58a.jpg]
[www.loc.gov/static/portals/connect/images/itunesuc58a.jpg]
[www.loc.gov/static/portals/connect/images/youtubec58a.jpg]
[www.loc.gov/static/portals/connect/images/copyright-youtubec58a.jpg]
[www.loc.gov/static/portals/connect/images/mobile-applicationsc58a.jpg]
[www.loc.gov/subscribe/index.html]
[www.loc.gov/static/portals/connect/images/library-of-congress-on-facebookc58a.jpg]
[www.loc.gov/static/portals/connect/images/american-folklife-center-on-facebookc58a.jpg]
[www.loc.gov/static/portals/connect/images/law-library-of-congress-on-facebookc58a.jpg]
[www.loc.gov/static/portals/connect/images/4corners_connectc58a.jpg]
[www.loc.gov/static/portals/connect/images/nls-on-facebookc58a.jpg]
[www.loc.gov/static/portals/connect/images/performing-arts-at-the-library-of-congress-on-facebookc58a.jpg]
[www.loc.gov/static/portals/connect/images/veterans-history-project-on-facebookc58a.jpg]
[www.loc.gov/static/portals/connect/images/instagramc58a.jpg]
[www.loc.gov/static/portals/connect/images/flickrc58a.jpg]
[www.loc.gov/static/portals/connect/images/pinterestc58a.jpg]
[www.loc.gov/static/portals/connect/images/mediumc58a.jpg]
[www.loc.gov/static/portals/connect/images/githubc58a.jpg]
[www.loc.gov/connect/index.html]
[www.loc.gov/about/about-the-librarian/index.html]
[www.loc.gov/about/indexe96e.html]
[www.loc.gov/static/portals/strategic-plan/documents/LOC_Strat_Plan_2018.pdf]
[www.loc.gov/about/general-information/index.html]
[www.loc.gov/strategic-plan/index.html]
[www.loc.gov/digital-strategy/index.html]
[www.loc.gov/static/portals/about/documents/library-congress-orgchart-043019.pdf]
[www.loc.gov/about/index.html]
[www.loc.gov/crsinfo/about/index.html]
[www.loc.gov/about/office-of-the-inspector-general.html]
[www.loc.gov/rr/main/images/ask-ball-icon.gif]
[www.loc.gov/about/informacion-general/index.html]
[www.loc.gov/rr/askalib/index-2.html]
[www.loc.gov/about/fascinating-facts/index.html]
[www.loc.gov/about/frequently-asked-questions/index.html]
[www.loc.gov/about/preguntas-frecuentes/index.html]
[www.loc.gov/css/loc_print2col_ss.css]
[www.loc.gov/about/history-of-the-library/index.html]
[www.loc.gov/css/loc_standard_ss.css]
[www.loc.gov/about/awards-and-honors/index.html]
[www.loc.gov/about/reports-and-budgets/index.html]
[www.loc.gov/rr/askalib/css/askalib_ss.css]
[www.loc.gov/about/doing-business-with-the-library/index.html]
[www.loc.gov/about/host-an-event-at-the-library/index.html]
[cdn.loc.gov/sites/ask-a-librarian.js]
[www.loc.gov/lcm/index.html]
[www.loc.gov/images/ask_librarian.gif]
[www.loc.gov/publish/general/index.html]
[www.loc.gov/images/digital_collections.gif]
[www.loc.gov/images/library_catalog.gif]
[cdn.loc.gov/suggest/bootstrap-1.1.0.min.js]
[www.loc.gov/rr/askalib/images/lc_askalib.gif]
[www.loc.gov/rr/askalib/faq.html]
[www.loc.gov/rr/askalib/reference_policy.html]
[www.loc.gov/rr/askalib/virtualref.html]
[www.loc.gov/acq/donatex.html]
[www.loc.gov/rr/askalib/images/askalib-newimage.png]
[www.loc.gov/rr/askalib/ask-contactus.html]
[www.loc.gov/rr/program/bib/index.html]
[www.loc.gov/rr/askalib/images/icon_chat.gif]
[www.loc.gov/rr/askalib/ask-business.html]
[www.loc.gov/rr/askalib/ask-folklife.html]
[www.loc.gov/rr/askalib/ask-main.html]
[www.loc.gov/rr/askalib/ask-law.html]
[www.loc.gov/rr/askalib/ask-genealogy.html]
[www.loc.gov/rr/askalib/ask-poetry.html]
[www.loc.gov/rr/askalib/ask-scitech.html]
[www.loc.gov/rr/askalib/ask-cmd.html]
[www.loc.gov/rr/askalib/ask-preserv.html]
[www.loc.gov/rr/askalib/ask-learning.html]
[www.loc.gov/rr/askalib/ask-vets.html]
[www.loc.gov/rr/askalib/ask-record.html]
[www.loc.gov/rr/askalib/ask-digital.html]
[www.loc.gov/rr/askalib/chat-digital.html]
[www.loc.gov/rr/askalib/ask-mopic.html]
[www.loc.gov/rr/askalib/ask-geogmap.html]
[www.loc.gov/rr/askalib/ask-mss.html]
[www.loc.gov/rr/askalib/ask-perform.html]
[www.loc.gov/rr/askalib/ask-news.html]
[www.loc.gov/rr/askalib/chat-news.html]
[www.loc.gov/rr/askalib/ask-print.html]
[www.loc.gov/rr/askalib/ask-rarebook.html]
[www.loc.gov/rr/askalib/ask-amed.html]
[www.loc.gov/rr/askalib/ask-asian.html]
[www.loc.gov/rr/askalib/ask-european.html]
[www.loc.gov/rr/askalib/ask-hispanic-eng.html]
[www.loc.gov/rr/askalib/ask-webcomments.html]
[www.loc.gov/homepage/connect.html]
[www.loc.gov/homepage/connect.fd.delayed]
[www.loc.gov/homepage/connect.html]
[www.loc.gov/include/images/facebook.gif]
[www.loc.gov/include/images/twitter.gif]
[www.loc.gov/include/images/youtube.gif]
[www.loc.gov/include/images/flickr.gif]
[www.loc.gov/news.html]
[www.loc.gov/global/disclaim.html]
[www.loc.gov/philanthropy/online-donation/fund.html]
[www.loc.gov/global/disclaim.html]
[www.loc.gov/include/images/speech.gif]
[www.loc.gov/rr/askalib/index.html]
[www.loc.gov/help/indexe96e.html]
[www.loc.gov/static/portals/help/images/library-catalog-help.jpg]
[www.loc.gov/static/portals/help/images/ask-a-librarian.jpg]
[www.loc.gov/rr/refcorr.html]
[www.loc.gov/static/portals/help/images/reference-assistance.jpg]
[www.loc.gov/rr/program/orientation.html]
[www.loc.gov/static/portals/help/images/orientation-and-research-strategies.jpg]
[www.loc.gov/static/portals/help/images/duplication-services.jpg]
[www.loc.gov/duplicationservices/duplication-101/index.html]
[www.loc.gov/static/portals/help/images/congress-dot-gov-help.jpg]
[www.loc.gov/static/portals/help/images/copyright-help.jpg]
[www.loc.gov/law/opportunities/seminar-orient.html]
[www.loc.gov/static/portals/help/images/law-library-help.jpg]
[www.loc.gov/static/portals/help/images/personal-archiving.jpg]
[www.loc.gov/accessibility/frequently-asked-questions/index.html]
[www.loc.gov/static/portals/help/images/accessibility.jpg]
[www.loc.gov/static/portals/help/images/resources-for-people-with-visual-impairments.jpg]
[www.loc.gov/help/index.html]
[www.loc.gov/contact/indexe96e.html]
[www.loc.gov/rr/hours.html]
[www.loc.gov/contact/catalog-record-error-report/index.html]
[www.loc.gov/contact/index.html]
[www.loc.gov/rr/mopic/pickford/index.html]
[www.loc.gov/nls/about/contact-us/index.html]
[www.loc.gov/contact/handle-system-error-report/index.html]
[www.loc.gov/static/exhibitions/rosa-parks-in-her-own-words/155_155.jpg]
[www.loc.gov/folklife/events/index.html]
[www.loc.gov/exhibitions/rosa-parks-in-her-own-words/about-this-exhibition/indexe96e.html]
[www.loc.gov/exhibitions/rosa-parks-in-her-own-words/index.html]
[www.loc.gov/static/exhibitions/rosa-parks-in-her-own-words/images/logo.svg]
[www.loc.gov/exhibitions/rosa-parks-in-her-own-words/exhibition-items/index.html]
[www.loc.gov/exhibitions/rosa-parks-in-her-own-words/about-this-exhibition/about-this-exhibition/index.html]
[www.loc.gov/exhibitions/rosa-parks-in-her-own-words/events-and-resources/index.html]
[www.loc.gov/exhibitions/rosa-parks-in-her-own-words/credits/index.html]
[www.loc.gov/static/exhibitions/rosa-parks-in-her-own-words/images/background-image.jpg]
[www.loc.gov/static/portals/visit/maps-and-floor-plans/images/jefferson-building-second-floor.jpg]
[www.loc.gov/static/exhibitions/rosa-parks-in-her-own-words/images/featured-theme-items/early-life-and-activism.jpg]
[www.loc.gov/static/exhibitions/rosa-parks-in-her-own-words/images/featured-theme-items/the-bus-boycott.jpg]
[www.loc.gov/visit/maps-and-floor-plans/exhibitions-and-visit-highlights/southwest-gallery/south-exhibition-gallery/index.html]
[www.loc.gov/exhibitions/rosa-parks-in-her-own-words/about-this-exhibition/early-life-and-activism/index.html]
[www.loc.gov/item/event-397792/curators-tour-rosa-parks/2019-12-06/index.html]
[www.loc.gov/static/exhibitions/rosa-parks-in-her-own-words/images/featured-theme-items/detroit-1957-and-beyond.jpg]
[www.loc.gov/exhibitions/rosa-parks-in-her-own-words/about-this-exhibition/the-bus-boycott/index.html]
[www.loc.gov/exhibitions/rosa-parks-in-her-own-words/about-this-exhibition/a-life-of-global-impact/index.html]
[www.loc.gov/exhibitions/rosa-parks-in-her-own-words/about-this-exhibition/detroit-1957-and-beyond/index.html]
[www.loc.gov/static/exhibitions/rosa-parks-in-her-own-words/images/featured-theme-items/a-life-of-global-impact.jpg]
[www.loc.gov/exhibitions/rosa-parks-in-her-own-words/about-this-exhibition/index.html]
[www.loc.gov/item/event-398530/index.html]
[www.loc.gov/item/prn-20-004/indexe96e.html]
[www.loc.gov/static/managed-content/uploads/sites/6/2020/01/2020nbf_presents-collage1.png]
[www.loc.gov/item/prn-20-004/national-book-festival-presents-winter-and-spring-events-as-series-continues/2020-01-22/index.html]
[www.loc.gov/news/indexf212.html]
[www.loc.gov/programs/national-book-festival/national-book-festival-presents/index.html]
[www.loc.gov/bookfest/nbf-presents]
[www.loc.gov/item/prn-20-004/index.html]
[www.loc.gov/loc/lcib/index.html]
[www.loc.gov/static/exhibitions/women-fight-for-the-vote/155_155.jpg]
[www.loc.gov/exhibitions/women-fight-for-the-vote/about-this-exhibition/indexe96e.html]
[www.loc.gov/static/exhibitions/women-fight-for-the-vote/images/logo.svg]
[www.loc.gov/exhibitions/women-fight-for-the-vote/about-this-exhibition/about-this-exhibition/index.html]
[www.loc.gov/exhibitions/women-fight-for-the-vote/index.html]
[www.loc.gov/static/exhibitions/women-fight-for-the-vote/images/background-image-2.jpg]
[www.loc.gov/exhibitions/women-fight-for-the-vote/exhibition-items/index.html]
[www.loc.gov/exhibitions/women-fight-for-the-vote/events-and-resources/index.html]
[www.loc.gov/static/exhibitions/women-fight-for-the-vote/images/featured-theme-items/seneca-falls-and-building-a-movement-1776-1890.jpg]
[www.loc.gov/exhibitions/women-fight-for-the-vote/credits/index.html]
[www.loc.gov/exhibitions/women-fight-for-the-vote/about-this-exhibition/seneca-falls-and-building-a-movement-1776-1890/index.html]
[www.loc.gov/exhibitions/women-fight-for-the-vote/about-this-exhibition/new-tactics-for-a-new-generation-1890-1915/index.html]
[www.loc.gov/visit/maps-and-floor-plans/exhibitions-and-visit-highlights/southwest-gallery/southwest-exhibition-gallery/index.html]
[www.loc.gov/static/exhibitions/women-fight-for-the-vote/images/featured-theme-items/new-tactics-for-a-new-generation.jpg]
[www.loc.gov/static/exhibitions/women-fight-for-the-vote/images/featured-theme-items/confrontations-sacrifice-and-the-struggle-for-democracy.jpg]
[www.loc.gov/static/exhibitions/women-fight-for-the-vote/images/featured-theme-items/hear-us-roar-victory-1918-and-beyond.jpg]
[www.loc.gov/exhibitions/women-fight-for-the-vote/about-this-exhibition/confrontations-sacrifice-and-the-struggle-for-democracy-1916-1917/index.html]
[www.loc.gov/exhibitions/women-fight-for-the-vote/about-this-exhibition/hear-us-roar-victory-1918-and-beyond/index.html]
[www.loc.gov/static/exhibitions/women-fight-for-the-vote/images/featured-theme-items/more-to-the-movement.jpg]
[www.loc.gov/exhibitions/women-fight-for-the-vote/about-this-exhibition/index.html]
[www.loc.gov/exhibitions/women-fight-for-the-vote/about-this-exhibition/more-to-the-movement/indexac56.html]
[www.loc.gov/static/collections/tenth-to-sixteenth-century-liturgical-chants/500_500.jpg]
[www.loc.gov/static/collections/aaron-copland/500_500.jpg]
[www.loc.gov/static/collections/abdul-hamid-ii/500_500.jpg]
[www.loc.gov/static/collections/abdul-hamid-ii-books/500_500.jpg]
[www.loc.gov/static/collections/abraham-lincoln-papers/500_500.jpg]
[www.loc.gov/static/collections/afghanistan-web-archive/500_500.jpg]
[www.loc.gov/static/collections/afghanistan-iran-pakistan-government-web-archive/500_500.jpg]
[www.loc.gov/static/collections/african-american-perspectives-rare-books/500_500.jpg]
[www.loc.gov/collections/indexe96e.html]
[www.loc.gov/static/collections/african-american-photographs-1900-paris-exposition/500_500.jpg]
[www.loc.gov/static/collections/african-government-web-archive/500_500.jpg]
[www.loc.gov/static/collections/african-american-band-music/500_500.jpg]
[www.loc.gov/static/collections/interviews-following-the-attack-on-pearl-harbor/500_500.jpg]
[www.loc.gov/static/collections/alan-lomax-manuscripts/500_500.jpg]
[www.loc.gov/static/collections/alan-lomax-in-michigan/500_500.jpg]
[www.loc.gov/static/collections/albert-schatz/500_500.jpg]
[www.loc.gov/static/collections/alexander-graham-bell-papers/500_500.jpg]
[www.loc.gov/static/collections/alexander-hamilton-papers/500_500.jpg]
[www.loc.gov/static/collections/alexander-hamilton-stephens-papers/500_500.jpg]
[www.loc.gov/static/collections/alfred-whital-stern-lincolniana/500_500.jpg]
[www.loc.gov/static/collections/amazing-grace/500_500.jpg]
[www.loc.gov/static/collections/america-at-work-and-leisure-1894-to-1915/500_500.jpg]
[www.loc.gov/static/collections/nineteenth-century-song-sheets/500_500.jpg]
[www.loc.gov/static/collections/dance-instruction-manuals-from-1490-to-1920/500_500.jpg]
[www.loc.gov/static/collections/american-choral-music/500_500.jpg]
[www.loc.gov/static/collections/american-civil-war-sesquicentennial-web-archive/500_500.jpg]
[www.loc.gov/static/collections/american-colony-in-jerusalem/500_500.jpg]
[www.loc.gov/static/collections/american-english-dialect-recordings-from-the-center-for-applied-linguistics/500_500.jpg]
[www.loc.gov/static/collections/american-federation-of-labor-records/500_500.jpg]
[www.loc.gov/static/collections/world-war-i-and-1920-election-recordings/500_500.jpg]
[www.loc.gov/static/collections/federal-writers-project/500_500.jpg]
[www.loc.gov/static/collections/american-music-creators-web-archive/500_500.jpg]
[www.loc.gov/static/collections/american-music-industry-web-archive/500_500.jpg]
[www.loc.gov/static/collections/travels-in-america-1750-to-1920/500_500.jpg]
[www.loc.gov/static/collections/american-revolutionary-war-maps/500_500.jpg]
[www.loc.gov/static/collections/vaudeville-and-popular-entertainment/500_500.jpg]
[www.loc.gov/static/collections/ancestral-voices/500_500.jpg]
[www.loc.gov/static/collections/andre-kostelanetz-collection/500_500.jpg]
[www.loc.gov/static/collections/andrew-jackson-papers/500_500.jpg]
[www.loc.gov/static/collections/anna-e-dickinson-papers/500_500.jpg]
[www.loc.gov/static/collections/anna-maria-brodeau-thornton-papers/500_500.jpg]
[www.loc.gov/collections/historic-american-buildings-landscapes-and-engineering-records.html]
[www.loc.gov/collections/fsa-owi-black-and-white-negatives.html]
[www.loc.gov/collections/cities-and-towns.html]
[www.loc.gov/collections/civil-war-maps.html]
[www.loc.gov/collections/detroit-publishing-company.html]
[www.loc.gov/collections/panoramic-maps.html]
[www.loc.gov/collections/civil-war.html]
[www.loc.gov/collections/general-maps.html]
[www.loc.gov/collections/country-studies/index.html]
[www.loc.gov/collections/popular-graphic-arts.html]
[www.loc.gov/collections/bain.html]
[www.loc.gov/collections/transportation-and-communication.html]
[www.loc.gov/collections/railroad-maps-1828-to-1900.html]
[www.loc.gov/collections/sanborn-maps.html]
[www.loc.gov/collections/carol-m-highsmith.html]
[www.loc.gov/collections/civil-war-glass-negatives/index.html]
[www.loc.gov/collections/stereograph-cards.html]
[www.loc.gov/collections/g-eric-and-edith-matson-photographs.html]
[www.loc.gov/collections/national-photo-company.html]
[www.loc.gov/collections/harris-ewing.html]
[www.loc.gov/collections/tenth-to-sixteenth-century-liturgical-chants/about-this-collection/index.html]
[www.loc.gov/static/collections/tenth-to-sixteenth-century-liturgical-chants/155_155.jpg]
[www.loc.gov/collections/index8635.html]
[www.loc.gov/search/index03d2.html]
[www.loc.gov/static/images/original-format/collectionc58a.png]
[www.loc.gov/static/collections/aaron-copland/155_155.jpg]
[www.loc.gov/collections/aaron-copland/about-this-collection/index.html]
[www.loc.gov/item/2003561015/index.html]
[www.loc.gov/static/collections/abdul-hamid-ii/155_155.jpg]
[www.loc.gov/collections/aaron-copland/index.html]
[www.loc.gov/collections/tenth-to-sixteenth-century-liturgical-chants/index.html]
[www.loc.gov/item/2003652945/index.html]
[www.loc.gov/static/collections/abdul-hamid-ii-books/155_155.jpg]
[www.loc.gov/collections/abdul-hamid-ii/index.html]
[www.loc.gov/collections/abdul-hamid-ii/about-this-collection/index.html]
[www.loc.gov/collections/abdul-hamid-ii-books/index.html]
[www.loc.gov/static/collections/abraham-lincoln-papers/155_155.jpg]
[www.loc.gov/collections/abdul-hamid-ii-books/about-this-collection/index.html]
[www.loc.gov/collections/abraham-lincoln-papers/about-this-collection/index.html]
[www.loc.gov/item/mm78030189/index.html]
[www.loc.gov/static/collections/afghanistan-web-archive/155_155.jpg]
[www.loc.gov/collections/abraham-lincoln-papers/index.html]
[www.loc.gov/item/2019210570/index.html]
[www.loc.gov/collections/afghanistan-web-archive/about-this-collection/index.html]
[www.loc.gov/collections/afghanistan-web-archive/index.html]
[www.loc.gov/static/collections/afghanistan-iran-pakistan-government-web-archive/155_155.jpg]
[www.loc.gov/collections/afghanistan-iran-pakistan-government-web-archive/about-this-collection/index.html]
[www.loc.gov/item/2019210408.html]
[www.loc.gov/item/2019210408/index.html]
[www.loc.gov/static/collections/african-american-perspectives-rare-books/155_155.jpg]
[www.loc.gov/item/99483603/index.html]
[www.loc.gov/static/collections/african-american-photographs-1900-paris-exposition/155_155.jpg]
[www.loc.gov/collections/afghanistan-iran-pakistan-government-web-archive/index.html]
[www.loc.gov/collections/african-american-photographs-1900-paris-exposition/about-this-collection/index.html]
[www.loc.gov/collections/african-american-perspectives-rare-books/about-this-collection/index.html]
[www.loc.gov/item/2005682657/index.html]
[www.loc.gov/collections/african-american-perspectives-rare-books/index.html]
[www.loc.gov/collections/african-american-photographs-1900-paris-exposition/index.html]
[www.loc.gov/collections/african-government-web-archive/about-this-collection/index.html]
[www.loc.gov/static/collections/african-government-web-archive/155_155.jpg]
[www.loc.gov/item/2019210589/index.html]
[www.loc.gov/static/collections/african-american-band-music/155_155.jpg]
[www.loc.gov/item/2019210589.html]
[www.loc.gov/static/collections/interviews-following-the-attack-on-pearl-harbor/155_155.jpg]
[www.loc.gov/collections/african-american-band-music/about-this-collection/index.html]
[www.loc.gov/collections/african-government-web-archive/index.html]
[www.loc.gov/static/collections/alan-lomax-manuscripts/155_155.jpg]
[www.loc.gov/collections/interviews-following-the-attack-on-pearl-harbor/about-this-collection/index.html]
[www.loc.gov/static/collections/alan-lomax-in-michigan/155_155.jpg]
[www.loc.gov/collections/african-american-band-music/index.html]
[www.loc.gov/collections/interviews-following-the-attack-on-pearl-harbor/index.html]
[www.loc.gov/item/2004447761/index.html]
[www.loc.gov/collections/alan-lomax-manuscripts/about-this-collection/index.html]
[www.loc.gov/static/collections/albert-schatz/155_155.jpg]
[www.loc.gov/collections/alan-lomax-in-michigan/about-this-collection/index.html]
[www.loc.gov/item/2008700315/index.html]
[www.loc.gov/collections/alan-lomax-manuscripts/index.html]
[www.loc.gov/static/collections/alexander-graham-bell-papers/155_155.jpg]
[www.loc.gov/collections/alan-lomax-in-michigan/index.html]
[www.loc.gov/collections/albert-schatz/about-this-collection/index.html]
[www.loc.gov/static/collections/alexander-hamilton-papers/155_155.jpg]
[www.loc.gov/item/mm76051268/index.html]
[www.loc.gov/collections/alexander-graham-bell-papers/about-this-collection/index.html]
[www.loc.gov/item/mm81024612/index.html]
[www.loc.gov/collections/alexander-graham-bell-papers/index.html]
[www.loc.gov/static/collections/alexander-hamilton-stephens-papers/155_155.jpg]
[www.loc.gov/collections/albert-schatz/index.html]
[www.loc.gov/collections/alexander-hamilton-papers/index.html]
[www.loc.gov/collections/alexander-hamilton-papers/about-this-collection/index.html]
[www.loc.gov/collections/alexander-hamilton-stephens-papers/about-this-collection/index.html]
[www.loc.gov/item/mm78041335/index.html]
[www.loc.gov/static/collections/alfred-whital-stern-lincolniana/155_155.jpg]
[www.loc.gov/collections/alexander-hamilton-stephens-papers/index.html]
[www.loc.gov/static/collections/amazing-grace/155_155.jpg]
[www.loc.gov/collections/alfred-whital-stern-lincolniana/about-this-collection/index.html]
[www.loc.gov/item/2014656901/index.html]
[www.loc.gov/static/collections/america-at-work-and-leisure-1894-to-1915/155_155.jpg]
[www.loc.gov/static/collections/nineteenth-century-song-sheets/155_155.jpg]
[www.loc.gov/collections/alfred-whital-stern-lincolniana/index.html]
[www.loc.gov/collections/amazing-grace/about-this-collection/index.html]
[www.loc.gov/item/2001561557/index.html]
[www.loc.gov/collections/amazing-grace/index.html]
[www.loc.gov/static/collections/dance-instruction-manuals-from-1490-to-1920/155_155.jpg]
[www.loc.gov/collections/america-at-work-and-leisure-1894-to-1915/about-this-collection/index.html]
[www.loc.gov/collections/nineteenth-century-song-sheets/about-this-collection/index.html]
[www.loc.gov/item/2002564463/index.html]
[www.loc.gov/static/collections/american-choral-music/155_155.jpg]
[www.loc.gov/collections/america-at-work-and-leisure-1894-to-1915/index.html]
[www.loc.gov/item/98801326/index.html]
[www.loc.gov/collections/nineteenth-century-song-sheets/index.html]
[www.loc.gov/collections/dance-instruction-manuals-from-1490-to-1920/about-this-collection/index.html]
[www.loc.gov/collections/american-choral-music/about-this-collection/index.html]
[www.loc.gov/collections/american-civil-war-sesquicentennial-web-archive/about-this-collection/index.html]
[www.loc.gov/collections/american-choral-music/index.html]
[www.loc.gov/collections/dance-instruction-manuals-from-1490-to-1920/index.html]
[www.loc.gov/static/collections/american-civil-war-sesquicentennial-web-archive/155_155.jpg]
[www.loc.gov/item/2019210582/index.html]
[www.loc.gov/item/2019210582.html]
[www.loc.gov/static/collections/american-colony-in-jerusalem/155_155.186.delayed]
[www.loc.gov/item/mm2004085137/index.html]
[www.loc.gov/collections/american-civil-war-sesquicentennial-web-archive/index.html]
[www.loc.gov/static/collections/american-english-dialect-recordings-from-the-center-for-applied-linguistics/155_155.jpg]
[www.loc.gov/collections/american-english-dialect-recordings-from-the-center-for-applied-linguistics/about-this-collection/index.html]
[www.loc.gov/collections/american-colony-in-jerusalem/about-this-collection/index.html]
[www.loc.gov/item/2008700387/index.html]
[www.loc.gov/collections/american-colony-in-jerusalem/index.html]
[www.loc.gov/collections/american-english-dialect-recordings-from-the-center-for-applied-linguistics/index.html]
[www.loc.gov/collections/american-federation-of-labor-records/about-this-collection/index.html]
[www.loc.gov/static/collections/american-federation-of-labor-records/155_155.jpg]
[www.loc.gov/item/mm78051185/index.html]
[www.loc.gov/static/collections/world-war-i-and-1920-election-recordings/155_155.jpg]
[www.loc.gov/item/mm78051185.html]
[www.loc.gov/item/96703617/index.html]
[www.loc.gov/collections/world-war-i-and-1920-election-recordings/about-this-collection/index.html]
[www.loc.gov/static/collections/federal-writers-project/155_155.jpg]
[www.loc.gov/collections/american-federation-of-labor-records/index.html]
[www.loc.gov/collections/world-war-i-and-1920-election-recordings/index.html]
[www.loc.gov/item/mm82055715/index.html]
[www.loc.gov/collections/federal-writers-project/about-this-collection/index.html]
[www.loc.gov/collections/federal-writers-project/index.html]
[www.loc.gov/collections/american-music-creators-web-archive/about-this-collection/index.html]
[www.loc.gov/static/collections/american-music-creators-web-archive/155_155.jpg]
[www.loc.gov/item/2019210590/index.html]
[www.loc.gov/item/2019210590.html]
[www.loc.gov/collections/american-music-industry-web-archive/about-this-collection/index.html]
[www.loc.gov/static/collections/american-music-industry-web-archive/155_155.jpg]
[www.loc.gov/item/2019210591/index.html]
[www.loc.gov/item/2019210591.html]
[www.loc.gov/static/collections/travels-in-america-1750-to-1920/155_155.jpg]
[www.loc.gov/collections/travels-in-america-1750-to-1920/about-this-collection/index.html]
[www.loc.gov/item/2003557137/index.html]
[www.loc.gov/collections/american-music-creators-web-archive/index.html]
[www.loc.gov/static/collections/american-revolutionary-war-maps/155_155.jpg]
[www.loc.gov/collections/american-music-industry-web-archive/index.html]
[www.loc.gov/collections/travels-in-america-1750-to-1920/index.html]
[www.loc.gov/static/collections/vaudeville-and-popular-entertainment/155_155.jpg]
[www.loc.gov/collections/american-revolutionary-war-maps/about-this-collection/index.html]
[www.loc.gov/item/2006577704/index.html]
[www.loc.gov/static/collections/ancestral-voices/155_155.jpg]
[www.loc.gov/item/96802670/index.html]
[www.loc.gov/collections/american-revolutionary-war-maps/index.html]
[www.loc.gov/collections/andre-kostelanetz-collection/about-this-collection/index.html]
[www.loc.gov/collections/ancestral-voices/index.html]
[www.loc.gov/collections/ancestral-voices/about-this-collection/index.html]
[www.loc.gov/static/collections/andre-kostelanetz-collection/155_155.jpg]
[www.loc.gov/item/2006560769/index.html]
[www.loc.gov/item/2006560769.html]
[www.loc.gov/static/collections/andrew-jackson-papers/155_155.jpg]
[www.loc.gov/item/mm79027532/index.html]
[www.loc.gov/collections/andrew-jackson-papers/about-this-collection/index.html]
[www.loc.gov/collections/andre-kostelanetz-collection/index.html]
[www.loc.gov/collections/anna-e-dickinson-papers/about-this-collection/index.html]
[www.loc.gov/collections/andrew-jackson-papers/index.html]
[www.loc.gov/item/mm79018424/index.html]
[www.loc.gov/static/collections/anna-e-dickinson-papers/155_155.jpg]
[www.loc.gov/item/mm79018424.html]
[www.loc.gov/static/collections/anna-maria-brodeau-thornton-papers/155_155.jpg]
[www.loc.gov/item/mm80051862.html]
[www.loc.gov/collections/index.html]
[www.loc.gov/collections/anna-maria-brodeau-thornton-papers/about-this-collection/index.html]
[www.loc.gov/collections/anna-e-dickinson-papers/index.html]
[www.loc.gov/item/mm80051862/index.html]
[www.loc.gov/collections/anna-maria-brodeau-thornton-papers/index.html]
[www.loc.gov/rr/index-2.html]
[www.loc.gov/collections/index4617.html]
[www.loc.gov/collections/index0fc9.html]
[www.loc.gov/collections/index2a63.html]
[www.loc.gov/rr/css/styles.css]
[www.loc.gov/collections/indexc0a2.html]
[www.loc.gov/collections/indexe55d.html]
[cdn.loc.gov/sites/library-of-congress.js]
[www.loc.gov/collections/index87c5.html]
[www.loc.gov/collections/indexb41c.html]
[www.loc.gov/collections/index1dce.html]
[www.loc.gov/collections/index78dd.html]
[www.loc.gov/rr/images/left-img-head.gif]
[www.loc.gov/collections/index59c3.html]
[www.loc.gov/rr/images/researchers_banner.jpg]
[www.loc.gov/collections/index5041.html]
[www.loc.gov/collections/index1bbb.html]
[www.loc.gov/collections/index/subject/index.html]
[www.loc.gov/rr/images/generalcollections-icon.jpg]
[www.loc.gov/collections/indexa4c9.html]
[www.loc.gov/collections/index7018.html]
[www.loc.gov/rr/coll-general.html]
[www.loc.gov/collections/index16a2.html]
[www.loc.gov/collections/index50c8.html]
[www.loc.gov/rr/images/areastudies-icon.jpg]
[www.loc.gov/collections/indexdc24.html]
[www.loc.gov/collections/index43b9.html]
[www.loc.gov/collections/index1ad4.html]
[www.loc.gov/rr/coll-international.html]
[www.loc.gov/collections/index15dc.html]
[www.loc.gov/collections/index9e1c.html]
[www.loc.gov/rr/images/specialcollections-icon.jpg]
[www.loc.gov/collections/index/partof/index.html]
[www.loc.gov/rr/coll-special.html]
[www.loc.gov/collections/index8c39.html]
[www.loc.gov/collections/indexfe68.html]
[www.loc.gov/collections/indexd3ac.html]
[www.loc.gov/collections/index369e.html]
[www.loc.gov/collections/index443f.html]
[www.loc.gov/rr/video-tutorials.html]
[www.loc.gov/collections/indexd69d.html]
[www.loc.gov/collections/index77e1.html]
[www.loc.gov/collections/indexce24.html]
[www.loc.gov/families/index.html]
[www.loc.gov/rr/images/vhp-vid-small.jpg]
[www.loc.gov/collections/index57ee.html]
[www.loc.gov/librarians/index.html]
[www.loc.gov/rr/main/index.html]
[www.loc.gov/pictures/collection/highsm/item/2011635788/index.html]
[www.loc.gov/rr/business/index.html]
[www.loc.gov/rr/gettingstarted.html]
[www.loc.gov/rr/news/index.html]
[www.loc.gov/rr/scitech/index.html]
[www.loc.gov/rr/res-faq.html]
[www.loc.gov/pictures/collection/highsm/item/2011631432/index.html]
[www.loc.gov/rr/wirelessaccess.html]
[www.loc.gov/rr/asian/index.html]
[www.loc.gov/rr/buildingaccess.html]
[www.loc.gov/rr/european/index.html]
[www.loc.gov/rr/amed/index.html]
[www.loc.gov/pictures/collection/lilj/index.html]
[www.loc.gov/rr/conduct.html]
[www.loc.gov/rr/child/index.html]
[www.loc.gov/rr/hispanic/index.html]
[www.loc.gov/rr/microform/index.html]
[www.loc.gov/rr/mopic/index.html]
[www.loc.gov/rr/personalbelongings.html]
[www.loc.gov/rr/geogmap/index.html]
[www.loc.gov/rr/mss/index.html]
[www.loc.gov/rr/perform/index.html]
[www.loc.gov/rr/print/index.html]
[www.loc.gov/rr/useofcollections.html]
[www.loc.gov/rr/rarebook/index.html]
[www.loc.gov/rr/record/index.html]
[www.loc.gov/rr/coll-overview.html]
[www.loc.gov/visit/maps/index.html]
[www.loc.gov/rr/main/inforeas/orient.html]
[www.loc.gov/rr/main/inforeas/index.html]
[www.loc.gov/rr/cmd/genrrcalm.html]
[www.loc.gov/rr/cmd/advancereservescalm.html]
[www.loc.gov/rr/program/journey/index.html]
[www.loc.gov/rr/main/inforeas/special.html]
[www.loc.gov/rr/cmd/specialsearch_pub_form.html]
[www.loc.gov/homepage/connect.html]
[www.loc.gov/rr/copying.html]
[www.loc.gov/help/contact-general.1ba.delayed]
[www.loc.gov/global/disclaim.html]
[www.loc.gov/rr/program/index.html]
[www.loc.gov/rr/frd/index.html]
[www.loc.gov/global/disclaim.html]
[www.loc.gov/rr/index.html]
[www.loc.gov/teachers/css/styles.css]
[www.loc.gov/no-known-copyright-restrictions/index.html]
[www.loc.gov/teachers/standards/css/standards.css]
[cdn.loc.gov/js/lib/jquery-1.5.1.min.js]
[cdn.loc.gov/js/jcarousel/lib/jquery.jcarousel.pack.js]
[cdn.loc.gov/js/lib/jquery-ui-1.8.10.min.js]
[cdn.loc.gov/js/jcarousel/loc_carousel_dark.css]
[www.loc.gov/teachers/standards/jquery/jquery.cookie.js]
[cdn.loc.gov/sites/teachers.js]
[www.loc.gov/teachers/standards/js/standards.js]
[www.loc.gov/teachers/images/left-img-head.gif]
[www.loc.gov/teachers/images/carousel/STI-2020.jpg]
[www.loc.gov/teachers/tps/index.html]
[www.loc.gov/teachers/usingprimarysources/index.html]
[www.loc.gov/teachers/classroommaterials/index.html]
[www.loc.gov/teachers/newsevents/index.html]
[www.loc.gov/teachers/professionaldevelopment/teacherinstitute/index.html]
[www.loc.gov/teachers/images/carousel/civics-interactives.jpg]
[www.loc.gov/teachers/civics-interactives/index.html]
[www.loc.gov/teachers/images/carousel/wwi.gif]
[www.loc.gov/teachers/images/carousel/alexander-hamilton.jpg]
[www.loc.gov/teachers/classroommaterials/primarysourcesets/alexander-hamilton/index.html]
[www.loc.gov/teachers/student-discovery-sets/index.html]
[www.loc.gov/teachers/images/carousel/ibooks-promo-gallery-thumb.jpg]
[www.loc.gov/teachers/classroommaterials/presentationsandactivities/presentations/rosa-parks-gallery/index.html]
[www.loc.gov/teachers/images/carousel/rosa-parks.jpg]
[www.loc.gov/teachers/classroommaterials/primarysourcesets/liljenquist-civil-war-photos/index.html]
[www.loc.gov/teachers/images/carousel/liljenquist.jpg]
[www.loc.gov/teachers/blogData4c73.html]
[www.loc.gov/homepage/connect.1d4.delayed]
[www.loc.gov/teachers/usingprimarysources/guides.html]
[www.loc.gov/teachers/tps/journal/index.html]
[www.loc.gov/global/disclaim.1da.delayed]
[www.loc.gov/teachers/professionaldevelopment/tpsdirect/index.html]
[www.loc.gov/teachers/professionaldevelopment/webinar/index.html]
[www.loc.gov/global/disclaim.html]
[www.loc.gov/teachers/index.html]
[www.loc.gov/static/portals/recommended/images/civilwar00_th.jpg]
[www.loc.gov/search/index6573.html]
[www.loc.gov/search/indexb6dd.html]
[www.loc.gov/static/portals/recommended/images/civilwar01_th.jpg]
[www.loc.gov/static/collections/civil-war-glass-negatives/500_500.jpg]
[www.loc.gov/static/portals/recommended/images/civilwar04_th.jpg]
[lcweb2.loc.gov/mss/mfd/14/14001/0001b.jpg]
[www.loc.gov/static/collections/civil-war-maps/500_500.jpg]
[cdn.loc.gov/service/webcapture/project_1/thumbnails/lcwaS0004936.jpg]
[tile.loc.gov/image-services/iiif/service_gmd_gmd370_g3701_g3701s_cw0087600/full/pct_25/0/default.jpg]
[cdn.loc.gov/service/webcapture/project_1/thumbnails/lcwaS0008105.jpg]
[blogs.loc.gov/files/2012/12/law_th.jpg]
[blogs.loc.gov/files/2012/12/inside_adams_th.jpg]
[cdn.loc.gov/service/pnp/ppmsca/34600/34624v.jpg]
[cdn.loc.gov/service/pnp/ppmsca/32700/32751v.jpg]
[cdn.loc.gov/service/pnp/ppmsca/53100/53108v.jpg]
[cdn.loc.gov/service/pnp/ppmsca/53100/53110v.jpg]
[cdn.loc.gov/service/pnp/ppmsca/34600/34693v.jpg]
[cdn.loc.gov/service/pnp/ppmsca/34600/34695v.jpg]
[cdn.loc.gov/service/pnp/ppmsca/53000/53063v.jpg]
[cdn.loc.gov/service/pnp/ppmsca/53100/53111v.jpg]
[cdn.loc.gov/service/pnp/ppmsca/53100/53113v.jpg]
[cdn.loc.gov/service/pnp/ppmsca/53000/53053v.jpg]
[www.loc.gov/search/index2b6b.html]
[www.loc.gov/static/collections/rosa-parks-papers/500_500.jpg]
[www.loc.gov/search/index5ccf.html]
[www.loc.gov/search/index5e0a.html]
[www.loc.gov/search/indexa65d.html]
[www.loc.gov/static/portals/recommended/images/rosaparks-02.jpg]
[www.loc.gov/static/collections/fsa-owi-color-photographs/500_500.jpg]
[www.loc.gov/search/index9905.html]
[www.loc.gov/search/index81e1.html]
[www.loc.gov/static/portals/recommended/images/depression01_th.jpg]
[memory.loc.gov/natlib/ihas/warehouse/articles/200197402/0001.jpg]
[cdn.loc.gov/service/pnp/hlb/10500/10510_150px.jpg]
[www.loc.gov/static/collections/fsa-owi-color-photographs/155_155.jpg]
[www.loc.gov/static/images/original-format/web-pagec58a.png]
[www.loc.gov/search/index.html]
[www.loc.gov/static/images/original-format/bookc58a.png]
[www.loc.gov/search/indexd9e3.html]
[www.loc.gov/collections/fsa-owi-color-photographs/about-this-collection/index.html]
[www.loc.gov/teachers/classroommaterials/themes/great-depression/search-terms.html]
[www.loc.gov/item/93845501/index.html]
[www.loc.gov/teachers/classroommaterials/themes/great-depression/lessonplans.html]
[www.loc.gov/teachers/classroommaterials/themes/great-depression/index.html]
[www.loc.gov/item/2009655835/index.html]
[www.loc.gov/item/2004615434/index.html]
[www.loc.gov/collections/fsa-owi-color-photographs/index.html]
[www.loc.gov/teachers/classroommaterials/themes/great-depression/students.html]
[www.loc.gov/teachers/classroommaterials/themes/great-depression/collections.html]
[www.loc.gov/item/ihas.200197402]
[www.loc.gov/item/2010655669/index.html]
[www.loc.gov/item/2005617037/index.html]
[www.loc.gov/item/2011657329/index.html]
[www.loc.gov/item/00030887/index.html]
[www.loc.gov/item/ihas.html]
[www.loc.gov/teachers/classroommaterials/themes/great-depression/set.html]
[www.loc.gov/static/images/original-format/photo-print-drawingc58a.png]
[www.loc.gov/item/2012641082/index.html]
[www.loc.gov/item/ihas.200197402/index.html]
[www.loc.gov/teachers/classroommaterials/lessons/florida-migrants/evaluation.html]
[www.loc.gov/item/2005616150/index.html]
[www.loc.gov/teachers/classroommaterials/themes/great-depression/exhibitions.html]
[www.loc.gov/item/2005615986/index.html]
[www.loc.gov/item/2005615980/index.html]
[www.loc.gov/teachers/classroommaterials/lessons/depression/procedure.html]
[www.loc.gov/teachers/classroommaterials/lessons/depression/index.html]
[www.loc.gov/item/2005616433/index.html]
[www.loc.gov/search/indexc566.html]
[www.loc.gov/teachers/classroommaterials/lessons/florida-migrants/gallery.html]
[www.loc.gov/item/2005615564/index.html]
[www.loc.gov/static/portals/recommended/images/immigration00_th.jpg]
[www.loc.gov/search/index4333.html]
[www.loc.gov/search/index5aa2.html]
[www.loc.gov/search/indexe48f.html]
[www.loc.gov/search/indexb116.html]
[www.loc.gov/search/index8c58.html]
[www.loc.gov/resource/cph.3c16775/index.html]
[www.loc.gov/exhibits/index.html]
[www.loc.gov/item/prn-20-002/index.html]
[www.loc.gov/news/index.html]
[www.loc.gov/everyday-mysteries/meteorology-climatology/item/groundhog-shadow/index.html]
[www.loc.gov/collections/frederick-douglass-newspapers/about-this-collection.html]
[www.loc.gov/events/index.html]
[www.loc.gov/free-to-use/index.html]
[www.loc.gov/resource/g3200.ct000725C/index.html]
[www.loc.gov/resource/g3701s.ct003028/index.html]
[www.loc.gov/resource/g3715.ct000001/index.html]
[www.loc.gov/resource/g3790.ct002126/index.html]
[www.loc.gov/resource/g3860.ct000706/index.html]
[www.loc.gov/resource/g3880.ct000903/index.html]
[www.loc.gov/resource/g3300.ct000584/index.html]
[www.loc.gov/resource/g3290.ct000342/index.html]
[www.loc.gov/resource/g3804n.ct000050/index.html]
[www.loc.gov/resource/g3291s.mf000074/index.html]
[www.loc.gov/resource/g4930.ct000952/index.html]
[www.loc.gov/resource/g3200.ct009344/index.html]
[www.loc.gov/resource/g3200.ct009324/index.html]
[www.loc.gov/resource/g3200.ct009328/index.html]
[www.loc.gov/resource/g3200.ct009327/index.html]
[www.loc.gov/resource/g3200.ct009331/index.html]
[www.loc.gov/resource/g3200.awh00011/index.html]
[www.loc.gov/resource/g3201e.ct004005/index.html]
[www.loc.gov/resource/g3200.ct009336/index.html]
[www.loc.gov/resource/g3200.ct009343/index.html]
[www.loc.gov/resource/g5672m.ct002457/index.html]
[www.loc.gov/resource/g5672m.ct003910/index.html]
[www.loc.gov/resource/g7800.ct001372r/index.html]
[www.loc.gov/resource/g4126s.ct000071/index.html]
[www.loc.gov/static/images/congress-gov0e7a.svg]
[www.loc.gov/static/images/copyright-gov0e7a.svg]
[www.loc.gov/accessibility/index.html]
[www.loc.gov/legal/index.html]
[www.loc.gov/about/office-of-the-inspector-general/index.html]
[www.loc.gov/legal/standard-disclaimer-for-external-links/index.html]
[www.loc.gov/careers/index.html]
[www.loc.gov/philanthropy/online-donation/fund/index.html]
[www.loc.gov/text-us-government-work/css/styles.css]
[www.loc.gov/css/loc_print_v2.css]
[www.loc.gov/rss/index.html]
[www.loc.gov/apps/index.html]
[www.loc.gov/podcasts/index.html]
[www.loc.gov/collections/event-videos/index.html]
[www.loc.gov/pressroom/login.html]
[www.loc.gov/careers.html]
[www.loc.gov/philanthropy/index.html]
[www.loc.gov/about/oig/index.html]
[www.loc.gov/access/index.html]
[www.loc.gov/accessibility/web-site-accessibility/index.html]
[www.loc.gov/static/js/lib/mediaelement-4.2.8/mejs-controls.svg]
[www.loc.gov/static/images/slick-left-arrow.svg]
[www.loc.gov/static/images/slick-right-arrow.svg]
[www.loc.gov/static/css/fa/fonts/fontawesome-webfont5b62.svg]
[www.loc.gov/audio/index.html]
[www.loc.gov/books/index.html]
[www.loc.gov/film-and-videos/index.html]
[www.loc.gov/books/index81e1.html]
[www.loc.gov/manuscripts/index.html]
[www.loc.gov/maps/index.html]
[www.loc.gov/notated-music/index.html]
[www.loc.gov/search/index333a.html]
[www.loc.gov/search/index39b3.html]
[www.loc.gov/photos/index.html]
[www.loc.gov/search/index2dfe.html]
